// Jest Snapshot v1, https://goo.gl/fbAQLP

exports[`Home component render() should render the component 1`] = `
<div
  className="page-home"
>
  Loading...
</div>
`;
